src/components/dashboard/UpcomingEvent.tsx(45,92): error TS2322: Type '{ children: string; variant: "success" | "warning" | "info"; dot: true; pulse: boolean; }' is not assignable to type 'IntrinsicAttributes & BadgeProps'.
  Property 'pulse' does not exist on type 'IntrinsicAttributes & BadgeProps'.
src/components/layout/Header.tsx(10,1): error TS6133: 'cn' is declared but its value is never read.
src/components/layout/Sidebar.tsx(22,31): error TS6133: 'toggleSidebar' is declared but its value is never read.
src/components/members/MemberCard.tsx(35,15): error TS2322: Type '{ children: Element[]; variant: string; className: string; }' is not assignable to type 'IntrinsicAttributes & CardProps & RefAttributes<HTMLDivElement>'.
  Property 'variant' does not exist on type 'IntrinsicAttributes & CardProps & RefAttributes<HTMLDivElement>'.
src/components/members/MemberCard.tsx(56,71): error TS2322: Type '{ children: MemberStatus; variant: "success" | "warning" | "danger" | "default"; dot: true; pulse: boolean; }' is not assignable to type 'IntrinsicAttributes & BadgeProps'.
  Property 'pulse' does not exist on type 'IntrinsicAttributes & BadgeProps'.
src/components/members/MemberTable.tsx(62,83): error TS2322: Type '{ children: MemberStatus; variant: "success" | "warning" | "danger" | "default"; dot: true; pulse: boolean; }' is not assignable to type 'IntrinsicAttributes & BadgeProps'.
  Property 'pulse' does not exist on type 'IntrinsicAttributes & BadgeProps'.
src/pages/Events.tsx(81,50): error TS2322: Type '{ children: Element; key: string; variant: string; glow: true; className: string; }' is not assignable to type 'IntrinsicAttributes & CardProps & RefAttributes<HTMLDivElement>'.
  Property 'variant' does not exist on type 'IntrinsicAttributes & CardProps & RefAttributes<HTMLDivElement>'.
src/pages/Events.tsx(98,82): error TS2322: Type '{ children: string; variant: "success"; dot: true; pulse: true; }' is not assignable to type 'IntrinsicAttributes & BadgeProps'.
  Property 'pulse' does not exist on type 'IntrinsicAttributes & BadgeProps'.
src/pages/MemberProfile.tsx(79,75): error TS2322: Type '{ children: MemberStatus; variant: "success" | "warning" | "danger" | "default"; dot: true; pulse: boolean; }' is not assignable to type 'IntrinsicAttributes & BadgeProps'.
  Property 'pulse' does not exist on type 'IntrinsicAttributes & BadgeProps'.
src/pages/Releases.tsx(70,53): error TS2322: Type '{ children: Element; key: string; variant: string; className: string; }' is not assignable to type 'IntrinsicAttributes & CardProps & RefAttributes<HTMLDivElement>'.
  Property 'variant' does not exist on type 'IntrinsicAttributes & CardProps & RefAttributes<HTMLDivElement>'.
src/pages/Users.tsx(69,41): error TS2322: Type '{ children: string; variant: "success" | "danger"; dot: true; pulse: boolean; }' is not assignable to type 'IntrinsicAttributes & BadgeProps'.
  Property 'pulse' does not exist on type 'IntrinsicAttributes & BadgeProps'.
